The Nautilus application development team has been working on a project repository /opt/games.git. This repo is cloned at /usr/src/kodekloudrepos on storage server in Stratos DC. They recently shared the following requirements with DevOps team:

a. Create a new branch xfusion in /usr/src/kodekloudrepos/games repo from master and copy the /tmp/index.html file (on storage server itself). Add/commit this file in the new branch and merge back that branch to the master branch. Finally, push the changes to origin for both of the branches.

ssh natasha@172.16.238.15

login to server 

 ll /usr/src/kodekloudrepos/official/
 
 cd /usr/src/kodekloudrepos/official/
 
 git status
  
 git checkout -b devops
 
 [root@ststor01 official]# git status

# On branch devops

nothing to commit, working directory clean

git branch

* devops

  master
  
 cp /tmp/index.html  /usr/src/kodekloudrepos/official/
 
 ll /usr/src/kodekloudrepos/official/
 
 git add index.html
 
 git commit -m "add official"
 
git checkout master

git merge devops

[root@ststor01 official]# git push -u origin devops

Counting objects: 4, done.

Delta compression using up to 48 threads.

Compressing objects: 100% (2/2), done.

Writing objects: 100% (3/3), 328 bytes | 0 bytes/s, done.

Total 3 (delta 0), reused 0 (delta 0)

To /opt/official.git

 * [new branch]      devops -> devops

Branch devops set up to track remote branch devops from origin.

[root@ststor01 official]#

[root@ststor01 official]#

[root@ststor01 official]# git push -u origin master

Total 0 (delta 0), reused 0 (delta 0)

To /opt/official.git

   f85139b..ac4e417  master -> master

Branch master set up to track remote branch master from origin.

[root@ststor01 official]#

[root@ststor01 official]# git status

# On branch master

nothing to commit, working directory clean
